 COILED-COIL PROBABILITY LIST PER RESIDUE


Using a calibration from one of the implementations of the Lupas et al. method 
Using: cc: Normalpdf(1.63, 0.22, score)   others: Normalpdf(0.77, 0.20, score) 


>MIC19_Q9NX63   ## 1 
MGGTTSTRRV TFEADENENI TVVKGIRLSE NVIDRMKESS PSGSKSQRYS GAYGASVSDE
ELKRRVAEEL ALEQAKKESE DQKRLKQAKE LDRERAAANE QLTRAILRER ICSEEERAKA
KHLARQLEEK DRVLKKQDAF YKEQLARLEE RSSEFYRVTT EQYQKAAEEV EAKFKRYESH
PVCADLQAKI LQCYRENTHQ TLKCSALATQ YMHCVNHAKQ SMLEKGG*

  cc-probability in percent and best heptad phase
   1 M   0.0 a 
   2 G   0.0 b 
   3 G   0.0 b 
   4 T   0.0 c 
   5 T   0.0 d 
   6 S   0.0 b 
   7 T   0.0 c 
   8 R   0.0 d 
   9 R   0.1 e 
  10 V   0.1 f 
  11 T   0.4 g 
  12 F   0.4 a 
  13 E   0.4 b 
  14 A   0.4 c 
  15 D   0.4 d 
  16 E   0.4 e 
  17 N   0.4 f 
  18 E   0.4 g 
  19 N   0.4 a 
  20 I   0.4 b 
  21 T   0.4 c 
  22 V   0.4 d 
  23 V   0.4 e 
  24 K   0.4 f 
  25 G   0.4 g 
  26 I   0.4 a 
  27 R   0.4 b 
  28 L   0.4 c 
  29 S   0.4 d 
  30 E   0.4 e 
  31 N   0.4 f 
  32 V   0.4 g 
  33 I   0.4 a 
  34 D   0.4 b 
  35 R   0.4 c 
  36 M   0.4 d 
  37 K   0.4 e 
  38 E   0.4 f 
  39 S   0.4 g 
  40 S   0.3 a 
  41 P   0.0 b 
  42 S   0.0 g 
  43 G   0.0 a 
  44 S   0.1 b 
  45 K   0.1 c 
  46 S   0.1 d 
  47 Q   0.1 f 
  48 R   0.1 g 
  49 Y   0.2 a 
  50 S   0.3 a 
  51 G   0.6 c 
  52 A   0.9 d 
  53 Y   0.9 e 
  54 G   5.0 d 
  55 A  11.8 e 
  56 S  36.3 f 
  57 V  54.1 g 
  58 S  61.2 a 
  59 D  85.5 b 
  60 E  85.5 c 
  61 E  85.5 d 
  62 L  85.5 e 
  63 K  85.5 f 
  64 R  85.5 g 
  65 R  85.5 a 
  66 V  85.5 b 
  67 A  86.1 c 
  68 E  87.4 d 
  69 E  95.2 e 
  70 L  95.2 f 
  71 A  95.2 g 
  72 L  95.2 a 
  73 E  95.2 b 
  74 Q  95.2 c 
  75 A  95.2 d 
  76 K  95.2 e 
  77 K  95.2 f 
  78 E  95.2 g 
  79 S  95.2 a 
  80 E  95.2 b 
  81 D  95.2 c 
  82 Q  95.2 d 
  83 K  95.2 e 
  84 R  95.2 f 
  85 L  95.2 g 
  86 K  95.2 a 
  87 Q  95.2 b 
  88 A  95.2 c 
  89 K  95.2 d 
  90 E  95.2 e 
  91 L  95.2 f 
  92 D  95.2 g 
  93 R  95.2 a 
  94 E  95.2 b 
  95 R  95.2 c 
  96 A  95.2 d 
  97 A  88.7 e 
  98 A  88.7 f 
  99 N  88.7 g 
 100 E  54.7 f 
 101 Q  54.7 g 
 102 L  54.7 a 
 103 T  54.7 b 
 104 R  54.7 c 
 105 A  54.7 d 
 106 I  25.7 a 
 107 L  25.7 b 
 108 R  25.7 c 
 109 E  25.7 d 
 110 R  25.7 e 
 111 I  25.7 f 
 112 C  25.7 g 
 113 S  25.7 a 
 114 E  25.7 b 
 115 E  25.7 c 
 116 E  25.7 d 
 117 R  25.7 e 
 118 A  25.7 f 
 119 K  25.7 g 
 120 A  25.7 a 
 121 K  25.7 b 
 122 H  35.7 f 
 123 L  70.1 g 
 124 A  90.3 a 
 125 R  90.3 b 
 126 Q  90.3 c 
 127 L  90.3 d 
 128 E  90.3 e 
 129 E  90.3 f 
 130 K  90.3 g 
 131 D  90.3 a 
 132 R  90.3 b 
 133 V  90.3 c 
 134 L  90.3 d 
 135 K  90.3 e 
 136 K  90.3 f 
 137 Q  90.3 g 
 138 D  90.3 a 
 139 A  90.3 b 
 140 F  90.3 c 
 141 Y  90.3 d 
 142 K  90.3 e 
 143 E  90.3 f 
 144 Q  90.3 g 
 145 L  90.3 a 
 146 A  90.3 b 
 147 R  90.3 c 
 148 L  90.3 d 
 149 E  90.3 e 
 150 E  90.3 f 
 151 R  90.3 g 
 152 S  72.1 a 
 153 S  69.3 b 
 154 E  69.3 c 
 155 F  69.2 c 
 156 Y  69.2 d 
 157 R  69.2 e 
 158 V  69.2 f 
 159 T  69.2 g 
 160 T  69.2 a 
 161 E  69.2 b 
 162 Q  69.2 c 
 163 Y  69.2 d 
 164 Q  69.2 e 
 165 K  69.2 f 
 166 A  69.2 g 
 167 A  69.2 a 
 168 E  69.2 b 
 169 E  69.2 c 
 170 V  69.2 d 
 171 E  69.2 e 
 172 A  69.2 f 
 173 K  69.2 g 
 174 F  69.2 a 
 175 K  69.2 b 
 176 R  69.2 c 
 177 Y  69.2 d 
 178 E  69.2 e 
 179 S  51.5 f 
 180 H  27.3 g 
 181 P   0.0 d 
 182 V   0.1 g 
 183 C   0.5 a 
 184 A   0.8 b 
 185 D   0.8 c 
 186 L   0.8 d 
 187 Q   0.8 e 
 188 A   0.8 f 
 189 K   0.8 g 
 190 I   0.8 a 
 191 L   0.8 b 
 192 Q   0.8 c 
 193 C   0.8 d 
 194 Y   0.8 e 
 195 R   0.8 f 
 196 E   0.8 g 
 197 N   0.8 a 
 198 T   0.8 b 
 199 H   0.8 c 
 200 Q   0.8 d 
 201 T   0.8 e 
 202 L   0.8 f 
 203 K   0.8 g 
 204 C   0.8 a 
 205 S   0.8 b 
 206 A   0.8 c 
 207 L   0.8 d 
 208 A   0.8 e 
 209 T   0.8 f 
 210 Q   0.8 g 
 211 Y   0.8 a 
 212 M   0.3 b 
 213 H   0.1 c 
 214 C   0.0 d 
 215 V   0.0 e 
 216 N   0.0 f 
 217 H   0.0 g 
 218 A   0.0 a 
 219 K   0.0 b 
 220 Q   0.0 c 
 221 S   0.0 d 
 222 M   0.0 e 
 223 L   0.0 f 
 224 E   0.0 g 
 225 K   0.0 a 
 226 G   0.0 b 
 227 G   0.0 c 


****
